[www.sheng-fa.com.tw/index.html]
[backblue.gif]
[fade.gif]
[index.html]
[www.sheng-fa.com.tw/templates/cache/5404/images/system/ogfc90.jpg]
[www.sheng-fa.com.tw/favicon019f.ico]
[cdnjs.cloudflare.com/ajax/libs/font-awesome/4.3.0/css/font-awesome.min.css]
[cdnjs.cloudflare.com/ajax/libs/magnific-popup.js/1.0.0/magnific-popup.min.css]
[cdnjs.cloudflare.com/ajax/libs/Swiper/3.0.8/css/swiper.min.css]
[cdnjs.cloudflare.com/ajax/libs/sweetalert/1.1.0/sweetalert.min.css]
[www.sheng-fa.com.tw/templates/cache/5404/images/system/logo.png]
[www.sheng-fa.com.tw/about-us.html]
[www.sheng-fa.com.tw/product.html]
[www.sheng-fa.com.tw/-.html]
[www.sheng-fa.com.tw/news.html]
[www.sheng-fa.com.tw/contact-us.html]
[www.sheng-fa.com.tw/templates/cache/5404/images/system/home-banner.jpg]
[www.sheng-fa.com.tw/templates/cache/5404/images/sf-001.jpg]
[www.sheng-fa.com.tw/xn--qevy0cz0qc37a.html]
[www.sheng-fa.com.tw/templates/cache/5404/images/G01.jpg]
[www.sheng-fa.com.tw/xn--6tv367g.html]
[www.sheng-fa.com.tw/templates/cache/5404/images/G02.jpg]
[www.sheng-fa.com.tw/xn--xgs298asy5ax8a.html]
[www.sheng-fa.com.tw/templates/cache/5404/images/G03.jpg]
[www.sheng-fa.com.tw/xn--xgsy04ansb81t7h2bbrb.html]
[www.sheng-fa.com.tw/templates/cache/5404/images/G04.jpg]
[www.sheng-fa.com.tw/xn--hhra237a49igpi0id0wz40nes4cxqcjrq.html]
[www.sheng-fa.com.tw/templates/cache/5404/images/G05.jpg]
[www.sheng-fa.com.tw/08.html]
[www.sheng-fa.com.tw/templates/cache/5404/images/G06.jpg]
[www.sheng-fa.com.tw/05.html]
[www.sheng-fa.com.tw/templates/cache/5404/images/G07.jpg]
[www.sheng-fa.com.tw/04.html]
[www.sheng-fa.com.tw/templates/cache/5404/images/G08.jpg]
[www.sheng-fa.com.tw/01.html]
[www.sheng-fa.com.tw/templates/cache/5404/images/G09.jpg]
[www.sheng-fa.com.tw/03.html]
[www.sheng-fa.com.tw/templates/cache/5404/images/50bea5033c741.jpg]
[www.sheng-fa.com.tw/07.html]
[www.sheng-fa.com.tw/templates/cache/5404/images/G11.jpg]
[www.sheng-fa.com.tw/10.html]
[www.sheng-fa.com.tw/templates/cache/5404/images/G12.jpg]
[www.sheng-fa.com.tw/xn--scsz4nj5i.html]
[www.sheng-fa.com.tw/templates/cache/5404/images/G13.jpg]
[www.sheng-fa.com.tw/xn--putv40iira.html]
[www.sheng-fa.com.tw/templates/cache/5404/images/G14.jpg]
[cdnjs.cloudflare.com/ajax/libs/jquery-cookie/1.4.1/jquery.cookie.min.js]
[cdnjs.cloudflare.com/ajax/libs/twitter-bootstrap/3.3.4/js/bootstrap.min.js]
[cdnjs.cloudflare.com/ajax/libs/jquery/1.11.2/jquery.min.js]
[cdnjs.cloudflare.com/ajax/libs/magnific-popup.js/1.0.0/jquery.magnific-popup.min.js]
[cdnjs.cloudflare.com/ajax/libs/sweetalert/1.1.0/sweetalert.min.js]
[cdnjs.cloudflare.com/ajax/libs/Swiper/3.0.8/js/swiper.jquery.min.js]
[www.sheng-fa.com.tw/templates/js/global.js]
[www.google-analytics.com/analytics.js]
[www.sheng-fa.com.tw/templates/js/common.tpl.js]
[www.sheng-fa.com.tw/templates/js/display.tpl.js]
[www.sheng-fa.com.tw/templates/js/mobile.js]
[d.line-scdn.net/r/web/social-plugin/js/thirdparty/loader.min.js]
[apis.google.com/js/plusone.js]
[cdn.doublemax.net/js/rtid.js]
[dmp.eland-tech.com/dmpreceiver/eland_tracker.js]
[d31qbv1cthcecs.cloudfront.net/atrk.js]
[d5nxst8fruw4z.cloudfront.net/atrk5706.gif]
[www.sheng-fa.com.tw/index.html]
[cdnjs.cloudflare.com/ajax/libs/font-awesome/4.3.0/css/font-awesome.min.css]
[cdnjs.cloudflare.com/ajax/libs/magnific-popup.js/1.0.0/magnific-popup.min.css]
[cdnjs.cloudflare.com/ajax/libs/Swiper/3.0.8/css/swiper.min.css]
[cdnjs.cloudflare.com/ajax/libs/sweetalert/1.1.0/sweetalert.min.css]
[www.sheng-fa.com.tw/templates/js/libs/fine-uploader/dist/loading.gif]
[www.sheng-fa.com.tw/templates/js/libs/fine-uploader/dist/processing.gif]
[www.sheng-fa.com.tw/templates/js/libs/fine-uploader/dist/edit.gif]
[www.sheng-fa.com.tw/templates/js/libs/fine-uploader/dist/fine-uploader-new.min.css]
[www.sheng-fa.com.tw/templates/images/shopping-sprites.png]
[www.sheng-fa.com.tw/templates/images/manage/cross.png]
[www.sheng-fa.com.tw/templates/images/toggle.png]
[www.sheng-fa.com.tw/templates/images/fans_page.png]
[www.sheng-fa.com.tw/templates/images/front-sprite.png]
[www.sheng-fa.com.tw/templates/css/common.css]
[www.sheng-fa.com.tw/templates/template/21/images/banner.jpg]
[www.sheng-fa.com.tw/templates/template/21/css/layout.css]
[www.sheng-fa.com.tw/templates/css/mobile.css]
[www.sheng-fa.com.tw/templates/cache/5404/images/system/ogf141.jpg]
[www.sheng-fa.com.tw/faviconaf1b.ico]
[www.sheng-fa.com.tw/templates/cache/5404/images/system/page-banner.jpg]
[www.sheng-fa.com.tw/templates/cache/5404/images/sf-002-1.jpg]
[www.sheng-fa.com.tw/news-detail-362610.html]
[www.sheng-fa.com.tw/templates/cache/5404/images/508e2dec8160c.bmp]
[www.sheng-fa.com.tw/about-us.html]
[www.sheng-fa.com.tw/templates/cache/5404/images/system/og8e95.jpg]
[www.sheng-fa.com.tw/favicon9141.ico]
[www.sheng-fa.com.tw/templates/cache/5404/images/801.jpg]
[www.sheng-fa.com.tw/templates/cache/5404/images/804.jpg]
[www.sheng-fa.com.tw/templates/cache/5404/images/802.jpg]
[www.sheng-fa.com.tw/templates/cache/5404/images/805.jpg]
[www.sheng-fa.com.tw/templates/cache/5404/images/803.jpg]
[www.sheng-fa.com.tw/templates/cache/5404/images/806.jpg]
[www.sheng-fa.com.tw/product.html]
[www.sheng-fa.com.tw/templates/cache/5404/images/system/ogfbf6.jpg]
[www.sheng-fa.com.tw/faviconf140.ico]
[www.sheng-fa.com.tw/templates/cache/5404/images/home02.jpg]
[www.sheng-fa.com.tw/-.html]
[www.sheng-fa.com.tw/templates/cache/5404/images/system/og8469.jpg]
[www.sheng-fa.com.tw/favicon4afe.ico]
[www.sheng-fa.com.tw/news.html]
[www.sheng-fa.com.tw/news-detail-187000.html]
[www.sheng-fa.com.tw/templates/cache/5404/images/system/ogcea3.jpg]
[www.sheng-fa.com.tw/favicon6be5.ico]
[www.sheng-fa.com.tw/captcha.png]
[www.sheng-fa.com.tw/contact-us.html]
[www.sheng-fa.com.tw/templates/cache/5404/images/system/og2784.jpg]
[www.sheng-fa.com.tw/favicon4572.ico]
[www.sheng-fa.com.tw/product-detail-183364.html]
[www.sheng-fa.com.tw/templates/cache/5404/images/products/photosmall-5404-13755950e6.jpg]
[www.sheng-fa.com.tw/product-detail-183365.html]
[www.sheng-fa.com.tw/templates/cache/5404/images/products/photosmall-5404-13756050e6.jpg]
[www.sheng-fa.com.tw/product-detail-183366.html]
[www.sheng-fa.com.tw/templates/cache/5404/images/products/photosmall-5404-13756150e6.jpg]
[www.sheng-fa.com.tw/product-detail-183367.html]
[www.sheng-fa.com.tw/templates/cache/5404/images/products/photosmall-5404-13756250e6.jpg]
[www.sheng-fa.com.tw/product-detail-183368.html]
[www.sheng-fa.com.tw/templates/cache/5404/images/products/photosmall-5404-13756350e6.jpg]
[www.sheng-fa.com.tw/xn--qevy0cz0qc37a.html]
[www.sheng-fa.com.tw/templates/cache/5404/images/system/og7623.jpg]
[www.sheng-fa.com.tw/faviconaee9.ico]
[www.sheng-fa.com.tw/product-detail-183437.html]
[www.sheng-fa.com.tw/templates/cache/5404/images/products/photosmall-5404-137623aaae.jpg]
[www.sheng-fa.com.tw/product-detail-183438.html]
[www.sheng-fa.com.tw/templates/cache/5404/images/products/photosmall-5404-137624aaae.jpg]
[www.sheng-fa.com.tw/product-detail-183439.html]
[www.sheng-fa.com.tw/templates/cache/5404/images/products/photosmall-5404-137625aaae.jpg]
[www.sheng-fa.com.tw/product-detail-183440.html]
[www.sheng-fa.com.tw/templates/cache/5404/images/products/photosmall-5404-137626aaae.jpg]
[www.sheng-fa.com.tw/product-detail-183441.html]
[www.sheng-fa.com.tw/templates/cache/5404/images/products/photosmall-5404-137627aaae.jpg]
[www.sheng-fa.com.tw/product-detail-183442.html]
[www.sheng-fa.com.tw/templates/cache/5404/images/products/photosmall-5404-137628aaae.jpg]
[www.sheng-fa.com.tw/product-detail-183443.html]
[www.sheng-fa.com.tw/templates/cache/5404/images/products/photosmall-5404-137629aaae.jpg]
[www.sheng-fa.com.tw/product-detail-183444.html]
[www.sheng-fa.com.tw/templates/cache/5404/images/products/photosmall-5404-137630aaae.jpg]
[www.sheng-fa.com.tw/product-detail-183445.html]
[www.sheng-fa.com.tw/templates/cache/5404/images/products/photosmall-5404-137631aaae.jpg]
[www.sheng-fa.com.tw/product-detail-183446.html]
[www.sheng-fa.com.tw/templates/cache/5404/images/products/photosmall-5404-137632aaae.jpg]
[www.sheng-fa.com.tw/xn--6tv367g.html]
[www.sheng-fa.com.tw/templates/cache/5404/images/system/ogbfb5.jpg]
[www.sheng-fa.com.tw/favicond494.ico]
[www.sheng-fa.com.tw/product-detail-183399.html]
[www.sheng-fa.com.tw/templates/cache/5404/images/products/photosmall-5404-1375917fba.jpg]
[www.sheng-fa.com.tw/product-detail-183400.html]
[www.sheng-fa.com.tw/templates/cache/5404/images/products/photosmall-5404-1375927fba.jpg]
[www.sheng-fa.com.tw/product-detail-183401.html]
[www.sheng-fa.com.tw/templates/cache/5404/images/products/photosmall-5404-1375937fba.jpg]
[www.sheng-fa.com.tw/product-detail-183402.html]
[www.sheng-fa.com.tw/templates/cache/5404/images/products/photosmall-5404-1375947fba.jpg]
[www.sheng-fa.com.tw/xn--xgs298asy5ax8a.html]
[www.sheng-fa.com.tw/templates/cache/5404/images/system/og3abd.jpg]
[www.sheng-fa.com.tw/favicon1587.ico]
[www.sheng-fa.com.tw/product-detail-183429.html]
[www.sheng-fa.com.tw/templates/cache/5404/images/products/photosmall-5404-137615e92b.jpg]
[www.sheng-fa.com.tw/product-detail-183430.html]
[www.sheng-fa.com.tw/templates/cache/5404/images/products/photosmall-5404-137616e92b.jpg]
[www.sheng-fa.com.tw/product-detail-183432.html]
[www.sheng-fa.com.tw/templates/cache/5404/images/products/photosmall-5404-137618e92b.jpg]
[www.sheng-fa.com.tw/product-detail-183434.html]
[www.sheng-fa.com.tw/templates/cache/5404/images/products/photosmall-5404-137620e92b.jpg]
[www.sheng-fa.com.tw/product-detail-183435.html]
[www.sheng-fa.com.tw/templates/cache/5404/images/products/photosmall-5404-137621e92b.jpg]
[www.sheng-fa.com.tw/xn--xgsy04ansb81t7h2bbrb.html]
[www.sheng-fa.com.tw/templates/cache/5404/images/system/og7253.jpg]
[www.sheng-fa.com.tw/favicon5f76.ico]
[www.sheng-fa.com.tw/product-detail-183422.html]
[www.sheng-fa.com.tw/templates/cache/5404/images/products/photosmall-5404-13760827d6.jpg]
[www.sheng-fa.com.tw/product-detail-183423.html]
[www.sheng-fa.com.tw/templates/cache/5404/images/products/photosmall-5404-13760927d6.jpg]
[www.sheng-fa.com.tw/product-detail-183424.html]
[www.sheng-fa.com.tw/templates/cache/5404/images/products/photosmall-5404-13761027d6.jpg]
[www.sheng-fa.com.tw/product-detail-183425.html]
[www.sheng-fa.com.tw/templates/cache/5404/images/products/photosmall-5404-13761127d6.jpg]
[www.sheng-fa.com.tw/product-detail-183426.html]
[www.sheng-fa.com.tw/templates/cache/5404/images/products/photosmall-5404-13761227d6.jpg]
[www.sheng-fa.com.tw/product-detail-183427.html]
[www.sheng-fa.com.tw/templates/cache/5404/images/products/photosmall-5404-13761327d6.jpg]
[www.sheng-fa.com.tw/product-detail-183428.html]
[www.sheng-fa.com.tw/templates/cache/5404/images/products/photosmall-5404-13761427d6.jpg]
[www.sheng-fa.com.tw/xn--hhra237a49igpi0id0wz40nes4cxqcjrq.html]
[www.sheng-fa.com.tw/templates/cache/5404/images/system/ogb20e.jpg]
[www.sheng-fa.com.tw/favicondbb4.ico]
[www.sheng-fa.com.tw/product-detail-183407.html]
[www.sheng-fa.com.tw/templates/cache/5404/images/products/photosmall-5404-1375986b71.jpg]
[www.sheng-fa.com.tw/product-detail-183408.html]
[www.sheng-fa.com.tw/templates/cache/5404/images/products/photosmall-5404-1375996b71.jpg]
[www.sheng-fa.com.tw/product-detail-183409.html]
[www.sheng-fa.com.tw/templates/cache/5404/images/products/photosmall-5404-1376006b71.jpg]
[www.sheng-fa.com.tw/08.html]
[www.sheng-fa.com.tw/templates/cache/5404/images/system/og55cd.jpg]
[www.sheng-fa.com.tw/favicon2766.ico]
[www.sheng-fa.com.tw/product-detail-183391.html]
[www.sheng-fa.com.tw/templates/cache/5404/images/products/photosmall-5404-1375836500.jpg]
[www.sheng-fa.com.tw/product-detail-183392.html]
[www.sheng-fa.com.tw/templates/cache/5404/images/products/photosmall-5404-1375846500.jpg]
[www.sheng-fa.com.tw/product-detail-183393.html]
[www.sheng-fa.com.tw/templates/cache/5404/images/products/photosmall-5404-1375856500.jpg]
[www.sheng-fa.com.tw/product-detail-183394.html]
[www.sheng-fa.com.tw/templates/cache/5404/images/products/photosmall-5404-1375866500.jpg]
[www.sheng-fa.com.tw/product-detail-183395.html]
[www.sheng-fa.com.tw/templates/cache/5404/images/products/photosmall-5404-1375876500.jpg]
[www.sheng-fa.com.tw/product-detail-183396.html]
[www.sheng-fa.com.tw/templates/cache/5404/images/products/photosmall-5404-1375886500.jpg]
[www.sheng-fa.com.tw/product-detail-183397.html]
[www.sheng-fa.com.tw/templates/cache/5404/images/products/photosmall-5404-1375896500.jpg]
[www.sheng-fa.com.tw/product-detail-183398.html]
[www.sheng-fa.com.tw/templates/cache/5404/images/products/photosmall-5404-1375906500.jpg]
[www.sheng-fa.com.tw/05.html]
[www.sheng-fa.com.tw/templates/cache/5404/images/system/og6df6.jpg]
[www.sheng-fa.com.tw/faviconc44b.ico]
[www.sheng-fa.com.tw/product-detail-183376.html]
[www.sheng-fa.com.tw/templates/cache/5404/images/products/photosmall-5404-1375682732.jpg]
[www.sheng-fa.com.tw/product-detail-183377.html]
[www.sheng-fa.com.tw/templates/cache/5404/images/products/photosmall-5404-1375692732.jpg]
[www.sheng-fa.com.tw/product-detail-183378.html]
[www.sheng-fa.com.tw/templates/cache/5404/images/products/photosmall-5404-1375702732.jpg]
[www.sheng-fa.com.tw/product-detail-183381.html]
[www.sheng-fa.com.tw/templates/cache/5404/images/products/photosmall-5404-1375732732.jpg]
[www.sheng-fa.com.tw/04.html]
[www.sheng-fa.com.tw/templates/cache/5404/images/system/og7d1d.jpg]
[www.sheng-fa.com.tw/faviconf1da.ico]
[www.sheng-fa.com.tw/product-detail-183358.html]
[www.sheng-fa.com.tw/templates/cache/5404/images/products/photosmall-5404-1375535eff.jpg]
[www.sheng-fa.com.tw/product-detail-183359.html]
[www.sheng-fa.com.tw/templates/cache/5404/images/products/photosmall-5404-1375545eff.jpg]
[www.sheng-fa.com.tw/product-detail-183360.html]
[www.sheng-fa.com.tw/templates/cache/5404/images/products/photosmall-5404-1375555eff.jpg]
[www.sheng-fa.com.tw/product-detail-183361.html]
[www.sheng-fa.com.tw/templates/cache/5404/images/products/photosmall-5404-1375565eff.jpg]
[www.sheng-fa.com.tw/product-detail-183362.html]
[www.sheng-fa.com.tw/templates/cache/5404/images/products/photosmall-5404-1375575eff.jpg]
[www.sheng-fa.com.tw/product-detail-183363.html]
[www.sheng-fa.com.tw/templates/cache/5404/images/products/photosmall-5404-1375585eff.jpg]
[www.sheng-fa.com.tw/01.html]
[www.sheng-fa.com.tw/templates/cache/5404/images/system/ogcd31.jpg]
[www.sheng-fa.com.tw/favicona493.ico]
[www.sheng-fa.com.tw/product-detail-183372.html]
[www.sheng-fa.com.tw/templates/cache/5404/images/products/photosmall-5404-1375643855.jpg]
[www.sheng-fa.com.tw/03.html]
[www.sheng-fa.com.tw/07.html]
[www.sheng-fa.com.tw/10.html]
[www.sheng-fa.com.tw/xn--scsz4nj5i.html]
[www.sheng-fa.com.tw/xn--putv40iira.html]
[www.sheng-fa.com.tw/templates/js/cdnlibs.min.html]
[www.sheng-fa.com.tw/templates/images/side_rwd_arrow.svg]
[www.sheng-fa.com.tw/news-detail-362610.html]
[www.sheng-fa.com.tw/news-detail-187000.html]
[www.sheng-fa.com.tw/product-detail-183364.html]
[www.sheng-fa.com.tw/product-detail-183365.html]
[www.sheng-fa.com.tw/product-detail-183366.html]
[www.sheng-fa.com.tw/product-detail-183367.html]
[www.sheng-fa.com.tw/product-detail-183368.html]
[www.sheng-fa.com.tw/product-detail-183437.html]
[www.sheng-fa.com.tw/product-detail-183438.html]
[www.sheng-fa.com.tw/product-detail-183439.html]
[www.sheng-fa.com.tw/product-detail-183440.html]
[www.sheng-fa.com.tw/product-detail-183441.html]
[www.sheng-fa.com.tw/product-detail-183442.html]
[www.sheng-fa.com.tw/product-detail-183443.html]
[www.sheng-fa.com.tw/templates/cache/5404/images/products/photosmall-5404-137626f7c8.jpg]
[www.sheng-fa.com.tw/templates/cache/5404/images/products/photosmall-5404-137627f7c8.jpg]
[www.sheng-fa.com.tw/templates/cache/5404/images/products/photosmall-5404-137628f7c8.jpg]
[www.sheng-fa.com.tw/product-detail-183444.html]
[www.sheng-fa.com.tw/templates/cache/5404/images/products/photobig-5404-13763135af.jpg]
[www.sheng-fa.com.tw/faviconcf2f.ico]
[www.sheng-fa.com.tw/templates/cache/5404/images/products/photooriginal-5404-137631e5f3.jpg]
[www.sheng-fa.com.tw/templates/cache/5404/images/products/photobig-5404-137631e5f3.jpg]
[www.sheng-fa.com.tw/templates/cache/5404/images/products/photosmall-5404-137632e5f3.jpg]
[www.sheng-fa.com.tw/templates/cache/5404/images/products/photosmall-5404-137623e5f3.jpg]
[www.sheng-fa.com.tw/templates/cache/5404/images/products/photosmall-5404-137624e5f3.jpg]
[www.sheng-fa.com.tw/templates/cache/5404/images/products/photosmall-5404-137625e5f3.jpg]
[www.sheng-fa.com.tw/templates/cache/5404/images/products/photosmall-5404-137626e5f3.jpg]
[www.sheng-fa.com.tw/templates/cache/5404/images/products/photosmall-5404-137627e5f3.jpg]
[www.sheng-fa.com.tw/templates/cache/5404/images/products/photosmall-5404-137628e5f3.jpg]
[www.sheng-fa.com.tw/templates/cache/5404/images/products/photosmall-5404-137629e5f3.jpg]
[www.sheng-fa.com.tw/product-detail-183445.html]
[www.sheng-fa.com.tw/templates/cache/5404/images/products/photobig-5404-137632eb87.jpg]
[www.sheng-fa.com.tw/favicond347.ico]
[www.sheng-fa.com.tw/templates/cache/5404/images/products/photooriginal-5404-1376327a60.jpg]
[www.sheng-fa.com.tw/templates/cache/5404/images/products/photobig-5404-1376327a60.jpg]
[www.sheng-fa.com.tw/templates/cache/5404/images/products/photosmall-5404-1376237a60.jpg]
[www.sheng-fa.com.tw/templates/cache/5404/images/products/photosmall-5404-1376247a60.jpg]
[www.sheng-fa.com.tw/templates/cache/5404/images/products/photosmall-5404-1376257a60.jpg]
[www.sheng-fa.com.tw/templates/cache/5404/images/products/photosmall-5404-1376267a60.jpg]
[www.sheng-fa.com.tw/templates/cache/5404/images/products/photosmall-5404-1376277a60.jpg]
[www.sheng-fa.com.tw/templates/cache/5404/images/products/photosmall-5404-1376287a60.jpg]
[www.sheng-fa.com.tw/templates/cache/5404/images/products/photosmall-5404-1376297a60.jpg]
[www.sheng-fa.com.tw/templates/cache/5404/images/products/photosmall-5404-1376307a60.jpg]
[www.sheng-fa.com.tw/product-detail-183446.html]
[www.sheng-fa.com.tw/templates/cache/5404/images/products/photobig-5404-13759111f9.jpg]
[www.sheng-fa.com.tw/faviconf31b.ico]
[www.sheng-fa.com.tw/templates/cache/5404/images/products/photooriginal-5404-137591011e.jpg]
[www.sheng-fa.com.tw/templates/cache/5404/images/products/photobig-5404-137591011e.jpg]
[www.sheng-fa.com.tw/templates/cache/5404/images/products/photosmall-5404-137592011e.jpg]
[www.sheng-fa.com.tw/templates/cache/5404/images/products/photosmall-5404-137593011e.jpg]
[www.sheng-fa.com.tw/templates/cache/5404/images/products/photosmall-5404-137594011e.jpg]
[www.sheng-fa.com.tw/product-detail-183399.html]
[www.sheng-fa.com.tw/templates/cache/5404/images/products/photobig-5404-1375926df0.jpg]
[www.sheng-fa.com.tw/faviconf18e.ico]
[www.sheng-fa.com.tw/templates/cache/5404/images/products/photooriginal-5404-137592011e.jpg]
[www.sheng-fa.com.tw/templates/cache/5404/images/products/photobig-5404-137592011e.jpg]
[www.sheng-fa.com.tw/templates/cache/5404/images/products/photosmall-5404-137591011e.jpg]
[www.sheng-fa.com.tw/product-detail-183400.html]
[www.sheng-fa.com.tw/templates/cache/5404/images/products/photobig-5404-1375939f48.jpg]
[www.sheng-fa.com.tw/faviconcf2e.ico]
[www.sheng-fa.com.tw/templates/cache/5404/images/products/photooriginal-5404-1375933e30.jpg]
[www.sheng-fa.com.tw/templates/cache/5404/images/products/photobig-5404-1375933e30.jpg]
[www.sheng-fa.com.tw/templates/cache/5404/images/products/photosmall-5404-1375943e30.jpg]
[www.sheng-fa.com.tw/templates/cache/5404/images/products/photosmall-5404-1375913e30.jpg]
[www.sheng-fa.com.tw/templates/cache/5404/images/products/photosmall-5404-1375923e30.jpg]
[www.sheng-fa.com.tw/product-detail-183401.html]
[www.sheng-fa.com.tw/templates/cache/5404/images/products/photobig-5404-13759465d6.jpg]
[www.sheng-fa.com.tw/favicona088.ico]
[www.sheng-fa.com.tw/templates/cache/5404/images/products/photooriginal-5404-137594266e.jpg]
[www.sheng-fa.com.tw/templates/cache/5404/images/products/photobig-5404-137594266e.jpg]
[www.sheng-fa.com.tw/templates/cache/5404/images/products/photosmall-5404-137591266e.jpg]
[www.sheng-fa.com.tw/templates/cache/5404/images/products/photosmall-5404-137592266e.jpg]
[www.sheng-fa.com.tw/templates/cache/5404/images/products/photosmall-5404-137593266e.jpg]
[www.sheng-fa.com.tw/product-detail-183402.html]
[www.sheng-fa.com.tw/templates/cache/5404/images/products/photobig-5404-137615f584.jpg]
[www.sheng-fa.com.tw/faviconf308.ico]
[www.sheng-fa.com.tw/templates/cache/5404/images/products/photooriginal-5404-1376153127.jpg]
[www.sheng-fa.com.tw/templates/cache/5404/images/products/photobig-5404-1376153127.jpg]
[www.sheng-fa.com.tw/templates/cache/5404/images/products/photosmall-5404-1376163127.jpg]
[www.sheng-fa.com.tw/templates/cache/5404/images/products/photosmall-5404-1376183127.jpg]
[www.sheng-fa.com.tw/templates/cache/5404/images/products/photosmall-5404-1376203127.jpg]
[www.sheng-fa.com.tw/templates/cache/5404/images/products/photosmall-5404-1376213127.jpg]
[www.sheng-fa.com.tw/product-detail-183429.html]
[www.sheng-fa.com.tw/templates/cache/5404/images/products/photobig-5404-1376167791.jpg]
[www.sheng-fa.com.tw/favicon8e50.ico]
[www.sheng-fa.com.tw/templates/cache/5404/images/products/photooriginal-5404-137616ae72.jpg]
[www.sheng-fa.com.tw/templates/cache/5404/images/products/photobig-5404-137616ae72.jpg]
[www.sheng-fa.com.tw/templates/cache/5404/images/products/photosmall-5404-137618ae72.jpg]
[www.sheng-fa.com.tw/templates/cache/5404/images/products/photosmall-5404-137620ae72.jpg]
[www.sheng-fa.com.tw/templates/cache/5404/images/products/photosmall-5404-137621ae72.jpg]
[www.sheng-fa.com.tw/templates/cache/5404/images/products/photosmall-5404-137615ae72.jpg]
[www.sheng-fa.com.tw/product-detail-183430.html]
[www.sheng-fa.com.tw/templates/cache/5404/images/products/photobig-5404-137618f478.jpg]
[www.sheng-fa.com.tw/faviconf8b7.ico]
[www.sheng-fa.com.tw/templates/cache/5404/images/products/photooriginal-5404-1376188b6a.jpg]
[www.sheng-fa.com.tw/templates/cache/5404/images/products/photobig-5404-1376188b6a.jpg]
[www.sheng-fa.com.tw/templates/cache/5404/images/products/photosmall-5404-1376208b6a.jpg]
[www.sheng-fa.com.tw/templates/cache/5404/images/products/photosmall-5404-1376218b6a.jpg]
[www.sheng-fa.com.tw/templates/cache/5404/images/products/photosmall-5404-1376158b6a.jpg]
[www.sheng-fa.com.tw/templates/cache/5404/images/products/photosmall-5404-1376168b6a.jpg]
[www.sheng-fa.com.tw/product-detail-183432.html]
[www.sheng-fa.com.tw/templates/cache/5404/images/products/photobig-5404-137620551b.jpg]
[www.sheng-fa.com.tw/favicon2983.ico]
[www.sheng-fa.com.tw/templates/cache/5404/images/products/photooriginal-5404-137620ce8c.jpg]
[www.sheng-fa.com.tw/templates/cache/5404/images/products/photobig-5404-137620ce8c.jpg]
[www.sheng-fa.com.tw/templates/cache/5404/images/products/photosmall-5404-137621ce8c.jpg]
[www.sheng-fa.com.tw/templates/cache/5404/images/products/photosmall-5404-137615ce8c.jpg]
[www.sheng-fa.com.tw/templates/cache/5404/images/products/photosmall-5404-137616ce8c.jpg]
[www.sheng-fa.com.tw/templates/cache/5404/images/products/photosmall-5404-137618ce8c.jpg]
[www.sheng-fa.com.tw/product-detail-183434.html]
[www.sheng-fa.com.tw/templates/cache/5404/images/products/photobig-5404-1376216635.jpg]
[www.sheng-fa.com.tw/favicon6528.ico]
[www.sheng-fa.com.tw/templates/cache/5404/images/products/photooriginal-5404-1376215f64.jpg]
[www.sheng-fa.com.tw/templates/cache/5404/images/products/photobig-5404-1376215f64.jpg]
[www.sheng-fa.com.tw/templates/cache/5404/images/products/photosmall-5404-1376155f64.jpg]
[www.sheng-fa.com.tw/templates/cache/5404/images/products/photosmall-5404-1376165f64.jpg]
[www.sheng-fa.com.tw/templates/cache/5404/images/products/photosmall-5404-1376185f64.jpg]
[www.sheng-fa.com.tw/templates/cache/5404/images/products/photosmall-5404-1376205f64.jpg]
[www.sheng-fa.com.tw/product-detail-183435.html]
[www.sheng-fa.com.tw/templates/cache/5404/images/products/photobig-5404-13760845a3.jpg]
[www.sheng-fa.com.tw/favicon1f50.ico]
[www.sheng-fa.com.tw/templates/cache/5404/images/products/photooriginal-5404-137608477b.jpg]
[www.sheng-fa.com.tw/templates/cache/5404/images/products/photobig-5404-137608477b.jpg]
[www.sheng-fa.com.tw/templates/cache/5404/images/products/photosmall-5404-137609477b.jpg]
[www.sheng-fa.com.tw/templates/cache/5404/images/products/photosmall-5404-137610477b.jpg]
[www.sheng-fa.com.tw/templates/cache/5404/images/products/photosmall-5404-137611477b.jpg]
[www.sheng-fa.com.tw/templates/cache/5404/images/products/photosmall-5404-137612477b.jpg]
[www.sheng-fa.com.tw/templates/cache/5404/images/products/photosmall-5404-137613477b.jpg]
[www.sheng-fa.com.tw/templates/cache/5404/images/products/photosmall-5404-137614477b.jpg]
[www.sheng-fa.com.tw/product-detail-183422.html]
[www.sheng-fa.com.tw/templates/cache/5404/images/products/photobig-5404-137609c7b3.jpg]
[www.sheng-fa.com.tw/favicon92ae.ico]
[www.sheng-fa.com.tw/templates/cache/5404/images/products/photooriginal-5404-137609baa7.jpg]
[www.sheng-fa.com.tw/templates/cache/5404/images/products/photobig-5404-137609baa7.jpg]
[www.sheng-fa.com.tw/templates/cache/5404/images/products/photosmall-5404-137610baa7.jpg]
[www.sheng-fa.com.tw/templates/cache/5404/images/products/photosmall-5404-137611baa7.jpg]
[www.sheng-fa.com.tw/templates/cache/5404/images/products/photosmall-5404-137612baa7.jpg]
[www.sheng-fa.com.tw/templates/cache/5404/images/products/photosmall-5404-137613baa7.jpg]
[www.sheng-fa.com.tw/templates/cache/5404/images/products/photosmall-5404-137614baa7.jpg]
[www.sheng-fa.com.tw/templates/cache/5404/images/products/photosmall-5404-137608baa7.jpg]
[www.sheng-fa.com.tw/product-detail-183423.html]
[www.sheng-fa.com.tw/templates/cache/5404/images/products/photobig-5404-137610ceea.jpg]
[www.sheng-fa.com.tw/favicon62e7.ico]
[www.sheng-fa.com.tw/templates/cache/5404/images/products/photooriginal-5404-137610c6f9.jpg]
[www.sheng-fa.com.tw/templates/cache/5404/images/products/photobig-5404-137610c6f9.jpg]
[www.sheng-fa.com.tw/templates/cache/5404/images/products/photosmall-5404-137611c6f9.jpg]
[www.sheng-fa.com.tw/templates/cache/5404/images/products/photosmall-5404-137612c6f9.jpg]
[www.sheng-fa.com.tw/templates/cache/5404/images/products/photosmall-5404-137613c6f9.jpg]
[www.sheng-fa.com.tw/templates/cache/5404/images/products/photosmall-5404-137614c6f9.jpg]
[www.sheng-fa.com.tw/templates/cache/5404/images/products/photosmall-5404-137608c6f9.jpg]
[www.sheng-fa.com.tw/templates/cache/5404/images/products/photosmall-5404-137609c6f9.jpg]
[www.sheng-fa.com.tw/product-detail-183424.html]
[www.sheng-fa.com.tw/templates/cache/5404/images/products/photobig-5404-137611dbc0.jpg]
[www.sheng-fa.com.tw/favicon18ad.ico]
[www.sheng-fa.com.tw/templates/cache/5404/images/products/photooriginal-5404-137611b143.jpg]
[www.sheng-fa.com.tw/templates/cache/5404/images/products/photobig-5404-137611b143.jpg]
[www.sheng-fa.com.tw/templates/cache/5404/images/products/photosmall-5404-137612b143.jpg]
[www.sheng-fa.com.tw/templates/cache/5404/images/products/photosmall-5404-137613b143.jpg]
[www.sheng-fa.com.tw/templates/cache/5404/images/products/photosmall-5404-137614b143.jpg]
[www.sheng-fa.com.tw/templates/cache/5404/images/products/photosmall-5404-137608b143.jpg]
[www.sheng-fa.com.tw/templates/cache/5404/images/products/photosmall-5404-137609b143.jpg]
[www.sheng-fa.com.tw/templates/cache/5404/images/products/photosmall-5404-137610b143.jpg]
[www.sheng-fa.com.tw/product-detail-183425.html]
[www.sheng-fa.com.tw/templates/cache/5404/images/products/photobig-5404-137612793d.jpg]
[www.sheng-fa.com.tw/favicona218.ico]
[www.sheng-fa.com.tw/templates/cache/5404/images/products/photooriginal-5404-1376127a8d.jpg]
[www.sheng-fa.com.tw/templates/cache/5404/images/products/photobig-5404-1376127a8d.jpg]
[www.sheng-fa.com.tw/templates/cache/5404/images/products/photosmall-5404-1376137a8d.jpg]
[www.sheng-fa.com.tw/templates/cache/5404/images/products/photosmall-5404-1376147a8d.jpg]
[www.sheng-fa.com.tw/templates/cache/5404/images/products/photosmall-5404-1376087a8d.jpg]
[www.sheng-fa.com.tw/templates/cache/5404/images/products/photosmall-5404-1376097a8d.jpg]
[www.sheng-fa.com.tw/templates/cache/5404/images/products/photosmall-5404-1376107a8d.jpg]
[www.sheng-fa.com.tw/templates/cache/5404/images/products/photosmall-5404-1376117a8d.jpg]
[www.sheng-fa.com.tw/product-detail-183426.html]
[www.sheng-fa.com.tw/templates/cache/5404/images/products/photobig-5404-1376136ed1.jpg]
[www.sheng-fa.com.tw/favicon1074.ico]
[www.sheng-fa.com.tw/templates/cache/5404/images/products/photooriginal-5404-137613729a.jpg]
[www.sheng-fa.com.tw/templates/cache/5404/images/products/photobig-5404-137613729a.jpg]
[www.sheng-fa.com.tw/templates/cache/5404/images/products/photosmall-5404-137614729a.jpg]
[www.sheng-fa.com.tw/templates/cache/5404/images/products/photosmall-5404-137608729a.jpg]
[www.sheng-fa.com.tw/templates/cache/5404/images/products/photosmall-5404-137609729a.jpg]
[www.sheng-fa.com.tw/templates/cache/5404/images/products/photosmall-5404-137610729a.jpg]
[www.sheng-fa.com.tw/templates/cache/5404/images/products/photosmall-5404-137611729a.jpg]
[www.sheng-fa.com.tw/templates/cache/5404/images/products/photosmall-5404-137612729a.jpg]
[www.sheng-fa.com.tw/product-detail-183427.html]
[www.sheng-fa.com.tw/templates/cache/5404/images/products/photobig-5404-13761489c0.jpg]
[www.sheng-fa.com.tw/favicon25e2.ico]
[www.sheng-fa.com.tw/templates/cache/5404/images/products/photooriginal-5404-137614bee5.jpg]
[www.sheng-fa.com.tw/templates/cache/5404/images/products/photobig-5404-137614bee5.jpg]
[www.sheng-fa.com.tw/templates/cache/5404/images/products/photosmall-5404-137608bee5.jpg]
[www.sheng-fa.com.tw/templates/cache/5404/images/products/photosmall-5404-137609bee5.jpg]
[www.sheng-fa.com.tw/templates/cache/5404/images/products/photosmall-5404-137610bee5.jpg]
[www.sheng-fa.com.tw/templates/cache/5404/images/products/photosmall-5404-137611bee5.jpg]
[www.sheng-fa.com.tw/templates/cache/5404/images/products/photosmall-5404-137612bee5.jpg]
[www.sheng-fa.com.tw/templates/cache/5404/images/products/photosmall-5404-137613bee5.jpg]
[www.sheng-fa.com.tw/product-detail-183428.html]
[www.sheng-fa.com.tw/templates/cache/5404/images/products/photobig-5404-1375986189.jpg]
[www.sheng-fa.com.tw/favicond3d8.ico]
[www.sheng-fa.com.tw/templates/cache/5404/images/products/photooriginal-5404-13759801b7.jpg]
[www.sheng-fa.com.tw/templates/cache/5404/images/products/photobig-5404-13759801b7.jpg]
[www.sheng-fa.com.tw/templates/cache/5404/images/products/photosmall-5404-13759901b7.jpg]
[www.sheng-fa.com.tw/templates/cache/5404/images/products/photosmall-5404-13760001b7.jpg]
[www.sheng-fa.com.tw/product-detail-183407.html]
[www.sheng-fa.com.tw/templates/cache/5404/images/products/photobig-5404-1375999387.jpg]
[www.sheng-fa.com.tw/favicon5291.ico]
[www.sheng-fa.com.tw/templates/cache/5404/images/products/photooriginal-5404-13759992f1.jpg]
[www.sheng-fa.com.tw/templates/cache/5404/images/products/photobig-5404-13759992f1.jpg]
[www.sheng-fa.com.tw/templates/cache/5404/images/products/photosmall-5404-13760092f1.jpg]
[www.sheng-fa.com.tw/templates/cache/5404/images/products/photosmall-5404-13759892f1.jpg]
[www.sheng-fa.com.tw/product-detail-183408.html]
[www.sheng-fa.com.tw/templates/cache/5404/images/products/photobig-5404-1376003742.jpg]
[www.sheng-fa.com.tw/favicon4f52.ico]
[www.sheng-fa.com.tw/templates/cache/5404/images/products/photooriginal-5404-13760037d0.jpg]
[www.sheng-fa.com.tw/templates/cache/5404/images/products/photobig-5404-13760037d0.jpg]
[www.sheng-fa.com.tw/templates/cache/5404/images/products/photosmall-5404-13759837d0.jpg]
[www.sheng-fa.com.tw/templates/cache/5404/images/products/photosmall-5404-13759937d0.jpg]
[www.sheng-fa.com.tw/product-detail-183409.html]
[www.sheng-fa.com.tw/templates/cache/5404/images/products/photobig-5404-137583da2d.jpg]
[www.sheng-fa.com.tw/favicon9725.ico]
[www.sheng-fa.com.tw/templates/cache/5404/images/products/photooriginal-5404-137583a433.jpg]
[www.sheng-fa.com.tw/templates/cache/5404/images/products/photobig-5404-137583a433.jpg]
[www.sheng-fa.com.tw/templates/cache/5404/images/products/photosmall-5404-137584a433.jpg]
[www.sheng-fa.com.tw/templates/cache/5404/images/products/photosmall-5404-137585a433.jpg]
[www.sheng-fa.com.tw/templates/cache/5404/images/products/photosmall-5404-137586a433.jpg]
[www.sheng-fa.com.tw/templates/cache/5404/images/products/photosmall-5404-137587a433.jpg]
[www.sheng-fa.com.tw/templates/cache/5404/images/products/photosmall-5404-137588a433.jpg]
[www.sheng-fa.com.tw/templates/cache/5404/images/products/photosmall-5404-137589a433.jpg]
[www.sheng-fa.com.tw/templates/cache/5404/images/products/photosmall-5404-137590a433.jpg]
[www.sheng-fa.com.tw/product-detail-183391.html]
[www.sheng-fa.com.tw/templates/cache/5404/images/products/photobig-5404-1375849729.jpg]
[www.sheng-fa.com.tw/favicon0baf.ico]
[www.sheng-fa.com.tw/templates/cache/5404/images/products/photooriginal-5404-137584d17c.jpg]
[www.sheng-fa.com.tw/templates/cache/5404/images/products/photobig-5404-137584d17c.jpg]
[www.sheng-fa.com.tw/templates/cache/5404/images/products/photosmall-5404-137585d17c.jpg]
[www.sheng-fa.com.tw/templates/cache/5404/images/products/photosmall-5404-137586d17c.jpg]
[www.sheng-fa.com.tw/templates/cache/5404/images/products/photosmall-5404-137587d17c.jpg]
[www.sheng-fa.com.tw/templates/cache/5404/images/products/photosmall-5404-137588d17c.jpg]
[www.sheng-fa.com.tw/templates/cache/5404/images/products/photosmall-5404-137589d17c.jpg]
[www.sheng-fa.com.tw/templates/cache/5404/images/products/photosmall-5404-137590d17c.jpg]
[www.sheng-fa.com.tw/templates/cache/5404/images/products/photosmall-5404-137583d17c.jpg]
[www.sheng-fa.com.tw/product-detail-183392.html]
[www.sheng-fa.com.tw/templates/cache/5404/images/products/photobig-5404-137585bb2e.jpg]
[www.sheng-fa.com.tw/faviconeb21.ico]
[www.sheng-fa.com.tw/templates/cache/5404/images/products/photooriginal-5404-1375852869.jpg]
[www.sheng-fa.com.tw/templates/cache/5404/images/products/photobig-5404-1375852869.jpg]
[www.sheng-fa.com.tw/templates/cache/5404/images/products/photosmall-5404-1375862869.jpg]
[www.sheng-fa.com.tw/templates/cache/5404/images/products/photosmall-5404-1375872869.jpg]
[www.sheng-fa.com.tw/templates/cache/5404/images/products/photosmall-5404-1375882869.jpg]
[www.sheng-fa.com.tw/templates/cache/5404/images/products/photosmall-5404-1375892869.jpg]
[www.sheng-fa.com.tw/templates/cache/5404/images/products/photosmall-5404-1375902869.jpg]
[www.sheng-fa.com.tw/templates/cache/5404/images/products/photosmall-5404-1375832869.jpg]
[www.sheng-fa.com.tw/templates/cache/5404/images/products/photosmall-5404-1375842869.jpg]
[www.sheng-fa.com.tw/product-detail-183393.html]
[www.sheng-fa.com.tw/templates/cache/5404/images/products/photobig-5404-13758656e4.jpg]
[www.sheng-fa.com.tw/favicon8ab8.ico]
[www.sheng-fa.com.tw/templates/cache/5404/images/products/photooriginal-5404-1375861d96.jpg]
[www.sheng-fa.com.tw/templates/cache/5404/images/products/photobig-5404-1375861d96.jpg]
[www.sheng-fa.com.tw/templates/cache/5404/images/products/photosmall-5404-1375871d96.jpg]
[www.sheng-fa.com.tw/templates/cache/5404/images/products/photosmall-5404-1375881d96.jpg]
[www.sheng-fa.com.tw/templates/cache/5404/images/products/photosmall-5404-1375891d96.jpg]
[www.sheng-fa.com.tw/templates/cache/5404/images/products/photosmall-5404-1375901d96.jpg]
[www.sheng-fa.com.tw/templates/cache/5404/images/products/photosmall-5404-1375831d96.jpg]
[www.sheng-fa.com.tw/templates/cache/5404/images/products/photosmall-5404-1375841d96.jpg]
[www.sheng-fa.com.tw/templates/cache/5404/images/products/photosmall-5404-1375851d96.jpg]
[www.sheng-fa.com.tw/product-detail-183394.html]
[www.sheng-fa.com.tw/templates/cache/5404/images/products/photobig-5404-1375871841.jpg]
[www.sheng-fa.com.tw/favicon0048.ico]
[www.sheng-fa.com.tw/templates/cache/5404/images/products/photooriginal-5404-1375877544.jpg]
[www.sheng-fa.com.tw/templates/cache/5404/images/products/photobig-5404-1375877544.jpg]
[www.sheng-fa.com.tw/templates/cache/5404/images/products/photosmall-5404-1375887544.jpg]
[www.sheng-fa.com.tw/templates/cache/5404/images/products/photosmall-5404-1375897544.jpg]
[www.sheng-fa.com.tw/templates/cache/5404/images/products/photosmall-5404-1375907544.jpg]
[www.sheng-fa.com.tw/templates/cache/5404/images/products/photosmall-5404-1375837544.jpg]
[www.sheng-fa.com.tw/templates/cache/5404/images/products/photosmall-5404-1375847544.jpg]
[www.sheng-fa.com.tw/templates/cache/5404/images/products/photosmall-5404-1375857544.jpg]
[www.sheng-fa.com.tw/templates/cache/5404/images/products/photosmall-5404-1375867544.jpg]
[www.sheng-fa.com.tw/product-detail-183395.html]
[www.sheng-fa.com.tw/templates/cache/5404/images/products/photobig-5404-1375880b7b.jpg]
[www.sheng-fa.com.tw/favicon350a.ico]
[www.sheng-fa.com.tw/templates/cache/5404/images/products/photooriginal-5404-137588b61b.jpg]
[www.sheng-fa.com.tw/templates/cache/5404/images/products/photobig-5404-137588b61b.jpg]
[www.sheng-fa.com.tw/templates/cache/5404/images/products/photosmall-5404-137589b61b.jpg]
[www.sheng-fa.com.tw/templates/cache/5404/images/products/photosmall-5404-137590b61b.jpg]
[www.sheng-fa.com.tw/templates/cache/5404/images/products/photosmall-5404-137583b61b.jpg]
[www.sheng-fa.com.tw/templates/cache/5404/images/products/photosmall-5404-137584b61b.jpg]
[www.sheng-fa.com.tw/templates/cache/5404/images/products/photosmall-5404-137585b61b.jpg]
[www.sheng-fa.com.tw/templates/cache/5404/images/products/photosmall-5404-137586b61b.jpg]
[www.sheng-fa.com.tw/templates/cache/5404/images/products/photosmall-5404-137587b61b.jpg]
[www.sheng-fa.com.tw/product-detail-183396.html]
[www.sheng-fa.com.tw/templates/cache/5404/images/products/photobig-5404-1375895732.jpg]
[www.sheng-fa.com.tw/favicon015e.ico]
[www.sheng-fa.com.tw/templates/cache/5404/images/products/photooriginal-5404-13758998c0.jpg]
[www.sheng-fa.com.tw/templates/cache/5404/images/products/photobig-5404-13758998c0.jpg]
[www.sheng-fa.com.tw/templates/cache/5404/images/products/photosmall-5404-13759098c0.jpg]
[www.sheng-fa.com.tw/templates/cache/5404/images/products/photosmall-5404-13758398c0.jpg]
[www.sheng-fa.com.tw/templates/cache/5404/images/products/photosmall-5404-13758498c0.jpg]
[www.sheng-fa.com.tw/templates/cache/5404/images/products/photosmall-5404-13758598c0.jpg]
[www.sheng-fa.com.tw/templates/cache/5404/images/products/photosmall-5404-13758698c0.jpg]
[www.sheng-fa.com.tw/templates/cache/5404/images/products/photosmall-5404-13758798c0.jpg]
[www.sheng-fa.com.tw/templates/cache/5404/images/products/photosmall-5404-13758898c0.jpg]
[www.sheng-fa.com.tw/product-detail-183397.html]
[www.sheng-fa.com.tw/templates/cache/5404/images/products/photobig-5404-137590429c.jpg]
[www.sheng-fa.com.tw/faviconeddc.ico]
[www.sheng-fa.com.tw/templates/cache/5404/images/products/photooriginal-5404-137590fdc2.jpg]
[www.sheng-fa.com.tw/templates/cache/5404/images/products/photobig-5404-137590fdc2.jpg]
[www.sheng-fa.com.tw/templates/cache/5404/images/products/photosmall-5404-137583fdc2.jpg]
[www.sheng-fa.com.tw/templates/cache/5404/images/products/photosmall-5404-137584fdc2.jpg]
[www.sheng-fa.com.tw/templates/cache/5404/images/products/photosmall-5404-137585fdc2.jpg]
[www.sheng-fa.com.tw/templates/cache/5404/images/products/photosmall-5404-137586fdc2.jpg]
[www.sheng-fa.com.tw/templates/cache/5404/images/products/photosmall-5404-137587fdc2.jpg]
[www.sheng-fa.com.tw/templates/cache/5404/images/products/photosmall-5404-137588fdc2.jpg]
[www.sheng-fa.com.tw/templates/cache/5404/images/products/photosmall-5404-137589fdc2.jpg]
[www.sheng-fa.com.tw/product-detail-183398.html]
[www.sheng-fa.com.tw/templates/cache/5404/images/products/photobig-5404-137568c951.jpg]
[www.sheng-fa.com.tw/favicondc22.ico]
[www.sheng-fa.com.tw/templates/cache/5404/images/products/photooriginal-5404-137568ca5e.jpg]
[www.sheng-fa.com.tw/templates/cache/5404/images/products/photobig-5404-137568ca5e.jpg]
[www.sheng-fa.com.tw/templates/cache/5404/images/products/photosmall-5404-137569ca5e.jpg]
[www.sheng-fa.com.tw/templates/cache/5404/images/products/photosmall-5404-137570ca5e.jpg]
[www.sheng-fa.com.tw/templates/cache/5404/images/products/photosmall-5404-137573ca5e.jpg]
[www.sheng-fa.com.tw/product-detail-183376.html]
[www.sheng-fa.com.tw/templates/cache/5404/images/products/photobig-5404-13756941bd.jpg]
[www.sheng-fa.com.tw/favicone987.ico]
[www.sheng-fa.com.tw/templates/cache/5404/images/products/photooriginal-5404-1375693947.jpg]
[www.sheng-fa.com.tw/templates/cache/5404/images/products/photobig-5404-1375693947.jpg]
[www.sheng-fa.com.tw/templates/cache/5404/images/products/photosmall-5404-1375703947.jpg]
[www.sheng-fa.com.tw/templates/cache/5404/images/products/photosmall-5404-1375733947.jpg]
[www.sheng-fa.com.tw/templates/cache/5404/images/products/photosmall-5404-1375683947.jpg]
[www.sheng-fa.com.tw/product-detail-183377.html]
[www.sheng-fa.com.tw/templates/cache/5404/images/products/photobig-5404-137570ced5.jpg]
[www.sheng-fa.com.tw/favicon82ed.ico]
[www.sheng-fa.com.tw/templates/cache/5404/images/products/photooriginal-5404-137570b7d1.jpg]
[www.sheng-fa.com.tw/templates/cache/5404/images/products/photobig-5404-137570b7d1.jpg]
[www.sheng-fa.com.tw/templates/cache/5404/images/products/photosmall-5404-137573b7d1.jpg]
[www.sheng-fa.com.tw/templates/cache/5404/images/products/photosmall-5404-137568b7d1.jpg]
[www.sheng-fa.com.tw/templates/cache/5404/images/products/photosmall-5404-137569b7d1.jpg]
[www.sheng-fa.com.tw/product-detail-183378.html]
[www.sheng-fa.com.tw/templates/cache/5404/images/products/photobig-5404-1375732244.jpg]
[www.sheng-fa.com.tw/favicona588.ico]
[www.sheng-fa.com.tw/templates/cache/5404/images/products/photooriginal-5404-1375738614.jpg]
[www.sheng-fa.com.tw/templates/cache/5404/images/products/photobig-5404-1375738614.jpg]
[www.sheng-fa.com.tw/templates/cache/5404/images/products/photosmall-5404-1375688614.jpg]
[www.sheng-fa.com.tw/templates/cache/5404/images/products/photosmall-5404-1375698614.jpg]
[www.sheng-fa.com.tw/templates/cache/5404/images/products/photosmall-5404-1375708614.jpg]
[www.sheng-fa.com.tw/product-detail-183381.html]
[www.sheng-fa.com.tw/templates/cache/5404/images/products/photobig-5404-1375536b8f.jpg]
[www.sheng-fa.com.tw/favicond367.ico]
[www.sheng-fa.com.tw/templates/cache/5404/images/products/photooriginal-5404-137553209b.jpg]
[www.sheng-fa.com.tw/templates/cache/5404/images/products/photobig-5404-137553209b.jpg]
[www.sheng-fa.com.tw/templates/cache/5404/images/products/photosmall-5404-137554209b.jpg]
[www.sheng-fa.com.tw/templates/cache/5404/images/products/photosmall-5404-137555209b.jpg]
[www.sheng-fa.com.tw/templates/cache/5404/images/products/photosmall-5404-137556209b.jpg]
[www.sheng-fa.com.tw/templates/cache/5404/images/products/photosmall-5404-137557209b.jpg]
[www.sheng-fa.com.tw/templates/cache/5404/images/products/photosmall-5404-137558209b.jpg]
[www.sheng-fa.com.tw/product-detail-183358.html]
[www.sheng-fa.com.tw/templates/cache/5404/images/products/photobig-5404-13755428f6.jpg]
[www.sheng-fa.com.tw/favicon5112.ico]
[www.sheng-fa.com.tw/templates/cache/5404/images/products/photooriginal-5404-13755445c0.jpg]
[www.sheng-fa.com.tw/templates/cache/5404/images/products/photobig-5404-13755445c0.jpg]
[www.sheng-fa.com.tw/templates/cache/5404/images/products/photosmall-5404-13755545c0.jpg]
[www.sheng-fa.com.tw/templates/cache/5404/images/products/photosmall-5404-13755645c0.jpg]
[www.sheng-fa.com.tw/templates/cache/5404/images/products/photosmall-5404-13755745c0.jpg]
[www.sheng-fa.com.tw/templates/cache/5404/images/products/photosmall-5404-13755845c0.jpg]
[www.sheng-fa.com.tw/templates/cache/5404/images/products/photosmall-5404-13755345c0.jpg]
[www.sheng-fa.com.tw/product-detail-183359.html]
[www.sheng-fa.com.tw/templates/cache/5404/images/products/photobig-5404-137555759f.jpg]
[www.sheng-fa.com.tw/favicon3001.ico]
[www.sheng-fa.com.tw/templates/cache/5404/images/products/photooriginal-5404-1375558875.jpg]
[www.sheng-fa.com.tw/templates/cache/5404/images/products/photobig-5404-1375558875.jpg]
[www.sheng-fa.com.tw/templates/cache/5404/images/products/photosmall-5404-1375568875.jpg]
[www.sheng-fa.com.tw/templates/cache/5404/images/products/photosmall-5404-1375578875.jpg]
[www.sheng-fa.com.tw/templates/cache/5404/images/products/photosmall-5404-1375588875.jpg]
[www.sheng-fa.com.tw/templates/cache/5404/images/products/photosmall-5404-1375538875.jpg]
[www.sheng-fa.com.tw/templates/cache/5404/images/products/photosmall-5404-1375548875.jpg]
[www.sheng-fa.com.tw/product-detail-183360.html]
[www.sheng-fa.com.tw/templates/cache/5404/images/products/photobig-5404-137556360c.jpg]
[www.sheng-fa.com.tw/favicon165a.ico]
[www.sheng-fa.com.tw/templates/cache/5404/images/products/photooriginal-5404-137556ac4c.jpg]
[www.sheng-fa.com.tw/templates/cache/5404/images/products/photobig-5404-137556ac4c.jpg]
[www.sheng-fa.com.tw/templates/cache/5404/images/products/photosmall-5404-137557ac4c.jpg]
[www.sheng-fa.com.tw/templates/cache/5404/images/products/photosmall-5404-137558ac4c.jpg]
[www.sheng-fa.com.tw/templates/cache/5404/images/products/photosmall-5404-137553ac4c.jpg]
[www.sheng-fa.com.tw/templates/cache/5404/images/products/photosmall-5404-137554ac4c.jpg]
[www.sheng-fa.com.tw/templates/cache/5404/images/products/photosmall-5404-137555ac4c.jpg]
[www.sheng-fa.com.tw/product-detail-183361.html]
[www.sheng-fa.com.tw/templates/cache/5404/images/products/photobig-5404-1375574ce1.jpg]
[www.sheng-fa.com.tw/favicondc16.ico]
[www.sheng-fa.com.tw/templates/cache/5404/images/products/photooriginal-5404-13755701cd.jpg]
[www.sheng-fa.com.tw/templates/cache/5404/images/products/photobig-5404-13755701cd.jpg]
[www.sheng-fa.com.tw/templates/cache/5404/images/products/photosmall-5404-13755801cd.jpg]
[www.sheng-fa.com.tw/templates/cache/5404/images/products/photosmall-5404-13755301cd.jpg]
[www.sheng-fa.com.tw/templates/cache/5404/images/products/photosmall-5404-13755401cd.jpg]
[www.sheng-fa.com.tw/templates/cache/5404/images/products/photosmall-5404-13755501cd.jpg]
[www.sheng-fa.com.tw/templates/cache/5404/images/products/photosmall-5404-13755601cd.jpg]
[www.sheng-fa.com.tw/product-detail-183362.html]
[www.sheng-fa.com.tw/templates/cache/5404/images/products/photobig-5404-137558f4d1.jpg]
[www.sheng-fa.com.tw/favicon919d.ico]
[www.sheng-fa.com.tw/templates/cache/5404/images/products/photooriginal-5404-1375585b2b.jpg]
[www.sheng-fa.com.tw/templates/cache/5404/images/products/photobig-5404-1375585b2b.jpg]
[www.sheng-fa.com.tw/templates/cache/5404/images/products/photosmall-5404-1375535b2b.jpg]
[www.sheng-fa.com.tw/templates/cache/5404/images/products/photosmall-5404-1375545b2b.jpg]
[www.sheng-fa.com.tw/templates/cache/5404/images/products/photosmall-5404-1375555b2b.jpg]
[www.sheng-fa.com.tw/templates/cache/5404/images/products/photosmall-5404-1375565b2b.jpg]
[www.sheng-fa.com.tw/templates/cache/5404/images/products/photosmall-5404-1375575b2b.jpg]
[www.sheng-fa.com.tw/product-detail-183363.html]
[www.sheng-fa.com.tw/templates/cache/5404/images/system/ogcd31.jpg]
[www.sheng-fa.com.tw/templates/cache/5404/images/products/photobig-5404-1375649389.jpg]
[www.sheng-fa.com.tw/favicone61e.ico]
[www.sheng-fa.com.tw/templates/cache/5404/images/products/photooriginal-5404-13756466f6.jpg]
[www.sheng-fa.com.tw/templates/cache/5404/images/products/photobig-5404-13756466f6.jpg]
[www.sheng-fa.com.tw/templates/cache/5404/images/products/photosmall-5404-13756566f6.jpg]
[www.sheng-fa.com.tw/templates/cache/5404/images/products/photosmall-5404-13756666f6.jpg]
[www.sheng-fa.com.tw/templates/cache/5404/images/products/photosmall-5404-13756766f6.jpg]
[www.sheng-fa.com.tw/product-detail-183372.html]
[www.sheng-fa.com.tw/product-detail-183373.html]
[www.sheng-fa.com.tw/templates/cache/5404/images/products/photosmall-5404-1375653855.jpg]
[www.sheng-fa.com.tw/product-detail-183374.html]
[www.sheng-fa.com.tw/templates/cache/5404/images/products/photosmall-5404-1375663855.jpg]
[www.sheng-fa.com.tw/product-detail-183375.html]
[www.sheng-fa.com.tw/templates/cache/5404/images/products/photosmall-5404-1375673855.jpg]
[www.sheng-fa.com.tw/templates/cache/5404/images/system/og1f4a.jpg]
[www.sheng-fa.com.tw/favicon67c0.ico]
[www.sheng-fa.com.tw/product-detail-183404.html]
[www.sheng-fa.com.tw/templates/cache/5404/images/products/photosmall-5404-13759533fd.jpg]
[www.sheng-fa.com.tw/product-detail-183405.html]
[www.sheng-fa.com.tw/templates/cache/5404/images/products/photosmall-5404-13759633fd.jpg]
[www.sheng-fa.com.tw/templates/cache/5404/images/system/og058b.jpg]
[www.sheng-fa.com.tw/favicon5a9d.ico]
[www.sheng-fa.com.tw/product-detail-183417.html]
[www.sheng-fa.com.tw/templates/cache/5404/images/products/photosmall-5404-1376047611.jpg]
[www.sheng-fa.com.tw/product-detail-183419.html]
[www.sheng-fa.com.tw/templates/cache/5404/images/products/photosmall-5404-1376057611.jpg]
[www.sheng-fa.com.tw/product-detail-183420.html]
[www.sheng-fa.com.tw/templates/cache/5404/images/products/photosmall-5404-1376067611.jpg]
[www.sheng-fa.com.tw/product-detail-183421.html]
[www.sheng-fa.com.tw/templates/cache/5404/images/products/photosmall-5404-1376077611.jpg]
[www.sheng-fa.com.tw/templates/cache/5404/images/system/og5894.jpg]
[www.sheng-fa.com.tw/faviconaff8.ico]
[www.sheng-fa.com.tw/product-detail-183447.html]
[www.sheng-fa.com.tw/templates/cache/5404/images/products/photosmall-5404-13763335bd.JPG]
[www.sheng-fa.com.tw/product-detail-183448.html]
[www.sheng-fa.com.tw/templates/cache/5404/images/products/photosmall-5404-13763435bd.jpg]
[www.sheng-fa.com.tw/product-detail-183449.html]
[www.sheng-fa.com.tw/templates/cache/5404/images/products/photosmall-5404-13763535bd.jpg]
[www.sheng-fa.com.tw/product-detail-183450.html]
[www.sheng-fa.com.tw/templates/cache/5404/images/products/photosmall-5404-13763635bd.jpg]
[www.sheng-fa.com.tw/product-detail-183451.html]
[www.sheng-fa.com.tw/templates/cache/5404/images/products/photosmall-5404-13763735bd.jpg]
[www.sheng-fa.com.tw/product-detail-183452.html]
[www.sheng-fa.com.tw/templates/cache/5404/images/products/photosmall-5404-13763835bd.jpg]
[www.sheng-fa.com.tw/product-detail-299889.html]
[www.sheng-fa.com.tw/templates/cache/5404/images/products/photosmall-5404-22347935bd.jpg]
[www.sheng-fa.com.tw/product-detail-358615.html]
[www.sheng-fa.com.tw/templates/cache/5404/images/products/photosmall-5404-26497435bd.jpg]
[www.sheng-fa.com.tw/templates/cache/5404/images/system/oge0c6.jpg]
[www.sheng-fa.com.tw/favicon58c2.ico]
[www.sheng-fa.com.tw/product-detail-183412.html]
[www.sheng-fa.com.tw/templates/cache/5404/images/products/photosmall-5404-1376018015.jpg]
[www.sheng-fa.com.tw/product-detail-183413.html]
[www.sheng-fa.com.tw/templates/cache/5404/images/products/photosmall-5404-1376028015.jpg]
[www.sheng-fa.com.tw/product-detail-183414.html]
[www.sheng-fa.com.tw/templates/cache/5404/images/products/photosmall-5404-1376038015.jpg]
[www.sheng-fa.com.tw/templates/cache/5404/images/system/og57a2.jpg]
[www.sheng-fa.com.tw/favicon9523.ico]
[www.sheng-fa.com.tw/templates/cache/5404/images/508e2e11dc2e8.jpg]
[www.sheng-fa.com.tw/templates/cache/5404/images/system/oged62.jpg]
[www.sheng-fa.com.tw/favicon70ef.ico]
[www.sheng-fa.com.tw/templates/cache/5404/images/products/photobig-5404-137559b4cf.jpg]
[www.sheng-fa.com.tw/faviconb19d.ico]
[www.sheng-fa.com.tw/templates/cache/5404/images/products/photooriginal-5404-1375592d27.jpg]
[www.sheng-fa.com.tw/templates/cache/5404/images/products/photobig-5404-1375592d27.jpg]
[www.sheng-fa.com.tw/templates/cache/5404/images/products/photosmall-5404-1375602d27.jpg]
[www.sheng-fa.com.tw/templates/cache/5404/images/products/photosmall-5404-1375612d27.jpg]
[www.sheng-fa.com.tw/templates/cache/5404/images/products/photosmall-5404-1375622d27.jpg]
[www.sheng-fa.com.tw/templates/cache/5404/images/products/photosmall-5404-1375632d27.jpg]
[www.sheng-fa.com.tw/templates/cache/5404/images/products/photobig-5404-137560713b.jpg]
[www.sheng-fa.com.tw/favicon6c7d.ico]
[www.sheng-fa.com.tw/templates/cache/5404/images/products/photooriginal-5404-137560c2a9.jpg]
[www.sheng-fa.com.tw/templates/cache/5404/images/products/photobig-5404-137560c2a9.jpg]
[www.sheng-fa.com.tw/templates/cache/5404/images/products/photosmall-5404-137561c2a9.jpg]
[www.sheng-fa.com.tw/templates/cache/5404/images/products/photosmall-5404-137562c2a9.jpg]
[www.sheng-fa.com.tw/templates/cache/5404/images/products/photosmall-5404-137563c2a9.jpg]
[www.sheng-fa.com.tw/templates/cache/5404/images/products/photosmall-5404-137559c2a9.jpg]
[www.sheng-fa.com.tw/templates/cache/5404/images/products/photobig-5404-1375615224.jpg]
[www.sheng-fa.com.tw/favicon52ff.ico]
[www.sheng-fa.com.tw/templates/cache/5404/images/products/photooriginal-5404-137561ddd5.jpg]
[www.sheng-fa.com.tw/templates/cache/5404/images/products/photobig-5404-137561ddd5.jpg]
[www.sheng-fa.com.tw/templates/cache/5404/images/products/photosmall-5404-137562ddd5.jpg]
[www.sheng-fa.com.tw/templates/cache/5404/images/products/photosmall-5404-137563ddd5.jpg]
[www.sheng-fa.com.tw/templates/cache/5404/images/products/photosmall-5404-137559ddd5.jpg]
[www.sheng-fa.com.tw/templates/cache/5404/images/products/photosmall-5404-137560ddd5.jpg]
[www.sheng-fa.com.tw/templates/cache/5404/images/products/photobig-5404-137562d61e.jpg]
[www.sheng-fa.com.tw/favicona558.ico]
[www.sheng-fa.com.tw/templates/cache/5404/images/products/photooriginal-5404-1375627dbf.jpg]
[www.sheng-fa.com.tw/templates/cache/5404/images/products/photobig-5404-1375627dbf.jpg]
[www.sheng-fa.com.tw/templates/cache/5404/images/products/photosmall-5404-1375637dbf.jpg]
[www.sheng-fa.com.tw/templates/cache/5404/images/products/photosmall-5404-1375597dbf.jpg]
[www.sheng-fa.com.tw/templates/cache/5404/images/products/photosmall-5404-1375607dbf.jpg]
[www.sheng-fa.com.tw/templates/cache/5404/images/products/photosmall-5404-1375617dbf.jpg]
[www.sheng-fa.com.tw/templates/cache/5404/images/products/photobig-5404-137563c19d.jpg]
[www.sheng-fa.com.tw/favicondffa.ico]
[www.sheng-fa.com.tw/templates/cache/5404/images/products/photooriginal-5404-13756356af.jpg]
[www.sheng-fa.com.tw/templates/cache/5404/images/products/photobig-5404-13756356af.jpg]
[www.sheng-fa.com.tw/templates/cache/5404/images/products/photosmall-5404-13755956af.jpg]
[www.sheng-fa.com.tw/templates/cache/5404/images/products/photosmall-5404-13756056af.jpg]
[www.sheng-fa.com.tw/templates/cache/5404/images/products/photosmall-5404-13756156af.jpg]
[www.sheng-fa.com.tw/templates/cache/5404/images/products/photosmall-5404-13756256af.jpg]
[www.sheng-fa.com.tw/favicon4050.ico]
[www.sheng-fa.com.tw/templates/cache/5404/images/products/photobig-5404-13762326a1.jpg]
[www.sheng-fa.com.tw/templates/cache/5404/images/products/photooriginal-5404-1376231e55.jpg]
[www.sheng-fa.com.tw/templates/cache/5404/images/products/photobig-5404-1376231e55.jpg]
[www.sheng-fa.com.tw/templates/cache/5404/images/products/photosmall-5404-1376241e55.jpg]
[www.sheng-fa.com.tw/templates/cache/5404/images/products/photosmall-5404-1376251e55.jpg]
[www.sheng-fa.com.tw/templates/cache/5404/images/products/photosmall-5404-1376261e55.jpg]
[www.sheng-fa.com.tw/templates/cache/5404/images/products/photosmall-5404-1376271e55.jpg]
[www.sheng-fa.com.tw/templates/cache/5404/images/products/photosmall-5404-1376281e55.jpg]
[www.sheng-fa.com.tw/templates/cache/5404/images/products/photosmall-5404-1376291e55.jpg]
[www.sheng-fa.com.tw/templates/cache/5404/images/products/photosmall-5404-1376301e55.jpg]
[www.sheng-fa.com.tw/templates/cache/5404/images/products/photosmall-5404-1376311e55.jpg]
[www.sheng-fa.com.tw/templates/cache/5404/images/products/photobig-5404-1376246210.jpg]
[www.sheng-fa.com.tw/faviconbcb7.ico]
[www.sheng-fa.com.tw/templates/cache/5404/images/products/photooriginal-5404-13762493f6.jpg]
[www.sheng-fa.com.tw/templates/cache/5404/images/products/photobig-5404-13762493f6.jpg]
[www.sheng-fa.com.tw/templates/cache/5404/images/products/photosmall-5404-13762593f6.jpg]
[www.sheng-fa.com.tw/templates/cache/5404/images/products/photosmall-5404-13762693f6.jpg]
[www.sheng-fa.com.tw/templates/cache/5404/images/products/photosmall-5404-13762793f6.jpg]
[www.sheng-fa.com.tw/templates/cache/5404/images/products/photosmall-5404-13762893f6.jpg]
[www.sheng-fa.com.tw/templates/cache/5404/images/products/photosmall-5404-13762993f6.jpg]
[www.sheng-fa.com.tw/templates/cache/5404/images/products/photosmall-5404-13763093f6.jpg]
[www.sheng-fa.com.tw/templates/cache/5404/images/products/photosmall-5404-13763193f6.jpg]
[www.sheng-fa.com.tw/templates/cache/5404/images/products/photosmall-5404-13763293f6.jpg]
[www.sheng-fa.com.tw/templates/cache/5404/images/products/photobig-5404-137625d9d7.jpg]
[www.sheng-fa.com.tw/favicon54e3.ico]
[www.sheng-fa.com.tw/templates/cache/5404/images/products/photooriginal-5404-13762560c8.jpg]
[www.sheng-fa.com.tw/templates/cache/5404/images/products/photobig-5404-13762560c8.jpg]
[www.sheng-fa.com.tw/templates/cache/5404/images/products/photosmall-5404-13762660c8.jpg]
[www.sheng-fa.com.tw/templates/cache/5404/images/products/photosmall-5404-13762760c8.jpg]
[www.sheng-fa.com.tw/templates/cache/5404/images/products/photosmall-5404-13762860c8.jpg]
[www.sheng-fa.com.tw/templates/cache/5404/images/products/photosmall-5404-13762960c8.jpg]
[www.sheng-fa.com.tw/templates/cache/5404/images/products/photosmall-5404-13763060c8.jpg]
[www.sheng-fa.com.tw/templates/cache/5404/images/products/photosmall-5404-13763160c8.jpg]
[www.sheng-fa.com.tw/templates/cache/5404/images/products/photosmall-5404-13763260c8.jpg]
[www.sheng-fa.com.tw/templates/cache/5404/images/products/photosmall-5404-13762360c8.jpg]
[www.sheng-fa.com.tw/templates/cache/5404/images/products/photobig-5404-137626aa65.jpg]
[www.sheng-fa.com.tw/favicon0609.ico]
[www.sheng-fa.com.tw/templates/cache/5404/images/products/photooriginal-5404-13762652de.jpg]
[www.sheng-fa.com.tw/templates/cache/5404/images/products/photobig-5404-13762652de.jpg]
[www.sheng-fa.com.tw/templates/cache/5404/images/products/photosmall-5404-13762752de.jpg]
[www.sheng-fa.com.tw/templates/cache/5404/images/products/photosmall-5404-13762852de.jpg]
[www.sheng-fa.com.tw/templates/cache/5404/images/products/photosmall-5404-13762952de.jpg]
[www.sheng-fa.com.tw/templates/cache/5404/images/products/photosmall-5404-13763152de.jpg]
[www.sheng-fa.com.tw/templates/cache/5404/images/products/photosmall-5404-13763052de.jpg]
[www.sheng-fa.com.tw/templates/cache/5404/images/products/photosmall-5404-13763252de.jpg]
[www.sheng-fa.com.tw/templates/cache/5404/images/products/photosmall-5404-13762352de.jpg]
[www.sheng-fa.com.tw/templates/cache/5404/images/products/photosmall-5404-13762452de.jpg]
[www.sheng-fa.com.tw/templates/cache/5404/images/products/photobig-5404-137627521b.jpg]
[www.sheng-fa.com.tw/faviconf003.ico]
[www.sheng-fa.com.tw/templates/cache/5404/images/products/photooriginal-5404-137627b011.jpg]
[www.sheng-fa.com.tw/templates/cache/5404/images/products/photobig-5404-137627b011.jpg]
[www.sheng-fa.com.tw/templates/cache/5404/images/products/photosmall-5404-137628b011.jpg]
[www.sheng-fa.com.tw/templates/cache/5404/images/products/photosmall-5404-137629b011.jpg]
[www.sheng-fa.com.tw/templates/cache/5404/images/products/photosmall-5404-137630b011.jpg]
[www.sheng-fa.com.tw/templates/cache/5404/images/products/photosmall-5404-137631b011.jpg]
[www.sheng-fa.com.tw/templates/cache/5404/images/products/photosmall-5404-137632b011.jpg]
[www.sheng-fa.com.tw/templates/cache/5404/images/products/photosmall-5404-137623b011.jpg]
[www.sheng-fa.com.tw/templates/cache/5404/images/products/photosmall-5404-137624b011.jpg]
[www.sheng-fa.com.tw/templates/cache/5404/images/products/photosmall-5404-137625b011.jpg]
[www.sheng-fa.com.tw/templates/cache/5404/images/products/photobig-5404-1376288ae8.jpg]
[www.sheng-fa.com.tw/favicon7a2b.ico]
[www.sheng-fa.com.tw/templates/cache/5404/images/products/photooriginal-5404-1376280959.jpg]
[www.sheng-fa.com.tw/templates/cache/5404/images/products/photobig-5404-1376280959.jpg]
[www.sheng-fa.com.tw/templates/cache/5404/images/products/photosmall-5404-1376290959.jpg]
[www.sheng-fa.com.tw/templates/cache/5404/images/products/photosmall-5404-1376300959.jpg]
[www.sheng-fa.com.tw/templates/cache/5404/images/products/photosmall-5404-1376310959.jpg]
[www.sheng-fa.com.tw/templates/cache/5404/images/products/photosmall-5404-1376320959.jpg]
[www.sheng-fa.com.tw/templates/cache/5404/images/products/photosmall-5404-1376230959.jpg]
[www.sheng-fa.com.tw/templates/cache/5404/images/products/photosmall-5404-1376240959.jpg]
[www.sheng-fa.com.tw/templates/cache/5404/images/products/photosmall-5404-1376250959.jpg]
[www.sheng-fa.com.tw/templates/cache/5404/images/products/photosmall-5404-1376260959.jpg]
[www.sheng-fa.com.tw/templates/cache/5404/images/products/photobig-5404-1376295723.jpg]
[www.sheng-fa.com.tw/favicon5807.ico]
[www.sheng-fa.com.tw/templates/cache/5404/images/products/photooriginal-5404-1376296b38.jpg]
[www.sheng-fa.com.tw/templates/cache/5404/images/products/photobig-5404-1376296b38.jpg]
[www.sheng-fa.com.tw/templates/cache/5404/images/products/photosmall-5404-1376306b38.jpg]
[www.sheng-fa.com.tw/templates/cache/5404/images/products/photosmall-5404-1376316b38.jpg]
[www.sheng-fa.com.tw/templates/cache/5404/images/products/photosmall-5404-1376326b38.jpg]
[www.sheng-fa.com.tw/templates/cache/5404/images/products/photosmall-5404-1376236b38.jpg]
[www.sheng-fa.com.tw/templates/cache/5404/images/products/photosmall-5404-1376246b38.jpg]
[www.sheng-fa.com.tw/templates/cache/5404/images/products/photosmall-5404-1376256b38.jpg]
[www.sheng-fa.com.tw/templates/cache/5404/images/products/photosmall-5404-1376266b38.jpg]
[www.sheng-fa.com.tw/templates/cache/5404/images/products/photosmall-5404-1376276b38.jpg]
[www.sheng-fa.com.tw/templates/cache/5404/images/products/photobig-5404-137630ba3c.jpg]
[www.sheng-fa.com.tw/favicon662a.ico]
[www.sheng-fa.com.tw/templates/cache/5404/images/products/photooriginal-5404-137630f7c8.jpg]
[www.sheng-fa.com.tw/templates/cache/5404/images/products/photobig-5404-137630f7c8.jpg]
[www.sheng-fa.com.tw/templates/cache/5404/images/products/photosmall-5404-137631f7c8.jpg]
[www.sheng-fa.com.tw/templates/cache/5404/images/products/photosmall-5404-137632f7c8.jpg]
[www.sheng-fa.com.tw/templates/cache/5404/images/products/photosmall-5404-137624f7c8.jpg]
[www.sheng-fa.com.tw/templates/cache/5404/images/products/photosmall-5404-137625f7c8.jpg]
[www.sheng-fa.com.tw/templates/cache/5404/images/products/photooriginal-5404-137631e5f3.jpg]
[www.sheng-fa.com.tw/templates/cache/5404/images/products/photosmall-5404-137623f7c8.jpg]
[www.sheng-fa.com.tw/templates/cache/5404/images/products/photooriginal-5404-137556ac4c.jpg]
[www.sheng-fa.com.tw/templates/cache/5404/images/products/photobig-5404-137565de96.jpg]
[www.sheng-fa.com.tw/favicon3e01.ico]
[www.sheng-fa.com.tw/templates/cache/5404/images/products/photooriginal-5404-137565b6b8.jpg]
[www.sheng-fa.com.tw/templates/cache/5404/images/products/photobig-5404-137565b6b8.jpg]
[www.sheng-fa.com.tw/templates/cache/5404/images/products/photosmall-5404-137566b6b8.jpg]
[www.sheng-fa.com.tw/templates/cache/5404/images/products/photosmall-5404-137567b6b8.jpg]
[www.sheng-fa.com.tw/templates/cache/5404/images/products/photosmall-5404-137564b6b8.jpg]
[www.sheng-fa.com.tw/product-detail-183373.html]
[www.sheng-fa.com.tw/templates/cache/5404/images/products/photobig-5404-137566ccd6.jpg]
[www.sheng-fa.com.tw/favicon8196.ico]
[www.sheng-fa.com.tw/templates/cache/5404/images/products/photooriginal-5404-1375667c25.jpg]
[www.sheng-fa.com.tw/templates/cache/5404/images/products/photobig-5404-1375667c25.jpg]
[www.sheng-fa.com.tw/templates/cache/5404/images/products/photosmall-5404-1375677c25.jpg]
[www.sheng-fa.com.tw/templates/cache/5404/images/products/photosmall-5404-1375647c25.jpg]
[www.sheng-fa.com.tw/templates/cache/5404/images/products/photosmall-5404-1375657c25.jpg]
[www.sheng-fa.com.tw/product-detail-183374.html]
[www.sheng-fa.com.tw/templates/cache/5404/images/products/photobig-5404-1375675fb4.jpg]
[www.sheng-fa.com.tw/favicon0c83.ico]
[www.sheng-fa.com.tw/templates/cache/5404/images/products/photooriginal-5404-1375677d98.jpg]
[www.sheng-fa.com.tw/templates/cache/5404/images/products/photobig-5404-1375677d98.jpg]
[www.sheng-fa.com.tw/templates/cache/5404/images/products/photosmall-5404-1375647d98.jpg]
[www.sheng-fa.com.tw/templates/cache/5404/images/products/photosmall-5404-1375657d98.jpg]
[www.sheng-fa.com.tw/templates/cache/5404/images/products/photosmall-5404-1375667d98.jpg]
[www.sheng-fa.com.tw/product-detail-183375.html]
[www.sheng-fa.com.tw/templates/cache/5404/images/products/photobig-5404-137595bf48.jpg]
[www.sheng-fa.com.tw/favicon83a7.ico]
[www.sheng-fa.com.tw/templates/cache/5404/images/products/photooriginal-5404-13759567db.jpg]
[www.sheng-fa.com.tw/templates/cache/5404/images/products/photobig-5404-13759567db.jpg]
[www.sheng-fa.com.tw/templates/cache/5404/images/g003.jpg]
[www.sheng-fa.com.tw/templates/cache/5404/images/products/photosmall-5404-13759667db.jpg]
[www.sheng-fa.com.tw/product-detail-183404.html]
[www.sheng-fa.com.tw/templates/cache/5404/images/products/photobig-5404-1375960de5.jpg]
[www.sheng-fa.com.tw/favicon05d0.ico]
[www.sheng-fa.com.tw/templates/cache/5404/images/products/photooriginal-5404-137596da14.jpg]
[www.sheng-fa.com.tw/templates/cache/5404/images/products/photobig-5404-137596da14.jpg]
[www.sheng-fa.com.tw/templates/cache/5404/images/products/photosmall-5404-137595da14.jpg]
[www.sheng-fa.com.tw/product-detail-183405.html]
[www.sheng-fa.com.tw/templates/cache/5404/images/products/photobig-5404-137604f095.jpg]
[www.sheng-fa.com.tw/favicon24bf.ico]
[www.sheng-fa.com.tw/templates/cache/5404/images/products/photooriginal-5404-137604d354.jpg]
[www.sheng-fa.com.tw/templates/cache/5404/images/products/photobig-5404-137604d354.jpg]
[www.sheng-fa.com.tw/templates/cache/5404/images/products/photosmall-5404-137605d354.jpg]
[www.sheng-fa.com.tw/templates/cache/5404/images/products/photosmall-5404-137606d354.jpg]
[www.sheng-fa.com.tw/templates/cache/5404/images/products/photosmall-5404-137607d354.jpg]
[www.sheng-fa.com.tw/product-detail-183417.html]
[www.sheng-fa.com.tw/templates/cache/5404/images/products/photobig-5404-137605b994.jpg]
[www.sheng-fa.com.tw/favicon6e3b.ico]
[www.sheng-fa.com.tw/templates/cache/5404/images/products/photooriginal-5404-1376054ea5.jpg]
[www.sheng-fa.com.tw/templates/cache/5404/images/products/photobig-5404-1376054ea5.jpg]
[www.sheng-fa.com.tw/templates/cache/5404/images/products/photosmall-5404-1376064ea5.jpg]
[www.sheng-fa.com.tw/templates/cache/5404/images/products/photosmall-5404-1376074ea5.jpg]
[www.sheng-fa.com.tw/templates/cache/5404/images/products/photosmall-5404-1376044ea5.jpg]
[www.sheng-fa.com.tw/product-detail-183419.html]
[www.sheng-fa.com.tw/templates/cache/5404/images/products/photobig-5404-1376063c6b.jpg]
[www.sheng-fa.com.tw/faviconfa2e.ico]
[www.sheng-fa.com.tw/templates/cache/5404/images/products/photooriginal-5404-137606a37d.jpg]
[www.sheng-fa.com.tw/templates/cache/5404/images/products/photobig-5404-137606a37d.jpg]
[www.sheng-fa.com.tw/templates/cache/5404/images/products/photosmall-5404-137607a37d.jpg]
[www.sheng-fa.com.tw/templates/cache/5404/images/products/photosmall-5404-137604a37d.jpg]
[www.sheng-fa.com.tw/templates/cache/5404/images/products/photosmall-5404-137605a37d.jpg]
[www.sheng-fa.com.tw/product-detail-183420.html]
[www.sheng-fa.com.tw/templates/cache/5404/images/products/photobig-5404-13760739b8.jpg]
[www.sheng-fa.com.tw/favicon866d.ico]
[www.sheng-fa.com.tw/templates/cache/5404/images/products/photooriginal-5404-137607c299.jpg]
[www.sheng-fa.com.tw/templates/cache/5404/images/products/photobig-5404-137607c299.jpg]
[www.sheng-fa.com.tw/templates/cache/5404/images/products/photosmall-5404-137604c299.jpg]
[www.sheng-fa.com.tw/templates/cache/5404/images/products/photosmall-5404-137605c299.jpg]
[www.sheng-fa.com.tw/templates/cache/5404/images/products/photosmall-5404-137606c299.jpg]
[www.sheng-fa.com.tw/product-detail-183421.html]
[www.sheng-fa.com.tw/templates/cache/5404/images/products/photobig-5404-1376331c56.jpg]
[www.sheng-fa.com.tw/faviconf9ff.ico]
[www.sheng-fa.com.tw/templates/cache/5404/images/products/photooriginal-5404-1376332177.jpg]
[www.sheng-fa.com.tw/templates/cache/5404/images/products/photobig-5404-1376332177.jpg]
[www.sheng-fa.com.tw/templates/cache/5404/images/products/photosmall-5404-1376342177.jpg]
[www.sheng-fa.com.tw/templates/cache/5404/images/products/photosmall-5404-1376352177.jpg]
[www.sheng-fa.com.tw/templates/cache/5404/images/products/photosmall-5404-1376362177.jpg]
[www.sheng-fa.com.tw/templates/cache/5404/images/products/photosmall-5404-1376372177.jpg]
[www.sheng-fa.com.tw/templates/cache/5404/images/products/photosmall-5404-1376382177.jpg]
[www.sheng-fa.com.tw/templates/cache/5404/images/products/photosmall-5404-2234792177.jpg]
[www.sheng-fa.com.tw/templates/cache/5404/images/products/photosmall-5404-2649742177.jpg]
[www.sheng-fa.com.tw/product-detail-183447.html]
[www.sheng-fa.com.tw/templates/cache/5404/images/products/photobig-5404-1376345b7d.jpg]
[www.sheng-fa.com.tw/favicond9eb.ico]
[www.sheng-fa.com.tw/templates/cache/5404/images/products/photooriginal-5404-1376347505.jpg]
[www.sheng-fa.com.tw/templates/cache/5404/images/products/photobig-5404-1376347505.jpg]
[www.sheng-fa.com.tw/templates/cache/5404/images/products/photosmall-5404-1376357505.jpg]
[www.sheng-fa.com.tw/templates/cache/5404/images/products/photosmall-5404-1376367505.jpg]
[www.sheng-fa.com.tw/templates/cache/5404/images/products/photosmall-5404-1376377505.jpg]
[www.sheng-fa.com.tw/templates/cache/5404/images/products/photosmall-5404-1376387505.jpg]
[www.sheng-fa.com.tw/templates/cache/5404/images/products/photosmall-5404-2234797505.jpg]
[www.sheng-fa.com.tw/templates/cache/5404/images/products/photosmall-5404-2649747505.jpg]
[www.sheng-fa.com.tw/templates/cache/5404/images/products/photosmall-5404-1376337505.jpg]
[www.sheng-fa.com.tw/product-detail-183448.html]
[www.sheng-fa.com.tw/templates/cache/5404/images/products/photobig-5404-137635eb68.jpg]
[www.sheng-fa.com.tw/favicon4fe5.ico]
[www.sheng-fa.com.tw/templates/cache/5404/images/products/photooriginal-5404-137635f19f.jpg]
[www.sheng-fa.com.tw/templates/cache/5404/images/products/photobig-5404-137635f19f.jpg]
[www.sheng-fa.com.tw/templates/cache/5404/images/products/photosmall-5404-137636f19f.jpg]
[www.sheng-fa.com.tw/templates/cache/5404/images/products/photosmall-5404-137637f19f.jpg]
[www.sheng-fa.com.tw/templates/cache/5404/images/products/photosmall-5404-137638f19f.jpg]
[www.sheng-fa.com.tw/templates/cache/5404/images/products/photosmall-5404-223479f19f.jpg]
[www.sheng-fa.com.tw/templates/cache/5404/images/products/photosmall-5404-264974f19f.jpg]
[www.sheng-fa.com.tw/templates/cache/5404/images/products/photosmall-5404-137633f19f.jpg]
[www.sheng-fa.com.tw/templates/cache/5404/images/products/photosmall-5404-137634f19f.jpg]
[www.sheng-fa.com.tw/product-detail-183449.html]
[www.sheng-fa.com.tw/templates/cache/5404/images/products/photobig-5404-137636a03d.jpg]
[www.sheng-fa.com.tw/favicond1a2.ico]
[www.sheng-fa.com.tw/templates/cache/5404/images/products/photooriginal-5404-137636011e.jpg]
[www.sheng-fa.com.tw/templates/cache/5404/images/products/photobig-5404-137636011e.jpg]
[www.sheng-fa.com.tw/templates/cache/5404/images/products/photosmall-5404-137637011e.jpg]
[www.sheng-fa.com.tw/templates/cache/5404/images/products/photosmall-5404-137638011e.jpg]
[www.sheng-fa.com.tw/templates/cache/5404/images/products/photosmall-5404-223479011e.jpg]
[www.sheng-fa.com.tw/templates/cache/5404/images/products/photosmall-5404-264974011e.jpg]
[www.sheng-fa.com.tw/templates/cache/5404/images/products/photosmall-5404-137633011e.jpg]
[www.sheng-fa.com.tw/templates/cache/5404/images/products/photosmall-5404-137634011e.jpg]
[www.sheng-fa.com.tw/templates/cache/5404/images/products/photosmall-5404-137635011e.jpg]
[www.sheng-fa.com.tw/product-detail-183450.html]
[www.sheng-fa.com.tw/templates/cache/5404/images/products/photobig-5404-1376376e81.jpg]
[www.sheng-fa.com.tw/favicon201d.ico]
[www.sheng-fa.com.tw/templates/cache/5404/images/products/photooriginal-5404-137637f029.jpg]
[www.sheng-fa.com.tw/templates/cache/5404/images/products/photobig-5404-137637f029.jpg]
[www.sheng-fa.com.tw/templates/cache/5404/images/products/photosmall-5404-137638f029.jpg]
[www.sheng-fa.com.tw/templates/cache/5404/images/products/photosmall-5404-223479f029.jpg]
[www.sheng-fa.com.tw/templates/cache/5404/images/products/photosmall-5404-264974f029.jpg]
[www.sheng-fa.com.tw/templates/cache/5404/images/products/photosmall-5404-137633f029.jpg]
[www.sheng-fa.com.tw/templates/cache/5404/images/products/photosmall-5404-137634f029.jpg]
[www.sheng-fa.com.tw/templates/cache/5404/images/products/photosmall-5404-137635f029.jpg]
[www.sheng-fa.com.tw/templates/cache/5404/images/products/photosmall-5404-137636f029.jpg]
[www.sheng-fa.com.tw/product-detail-183451.html]
[www.sheng-fa.com.tw/templates/cache/5404/images/products/photobig-5404-137638c4a7.jpg]
[www.sheng-fa.com.tw/favicon1e66.ico]
[www.sheng-fa.com.tw/templates/cache/5404/images/products/photooriginal-5404-137638f711.jpg]
[www.sheng-fa.com.tw/templates/cache/5404/images/products/photobig-5404-137638f711.jpg]
[www.sheng-fa.com.tw/templates/cache/5404/images/products/photosmall-5404-223479f711.jpg]
[www.sheng-fa.com.tw/templates/cache/5404/images/products/photosmall-5404-264974f711.jpg]
[www.sheng-fa.com.tw/templates/cache/5404/images/products/photosmall-5404-137633f711.jpg]
[www.sheng-fa.com.tw/templates/cache/5404/images/products/photosmall-5404-137634f711.jpg]
[www.sheng-fa.com.tw/templates/cache/5404/images/products/photosmall-5404-137635f711.jpg]
[www.sheng-fa.com.tw/templates/cache/5404/images/products/photosmall-5404-137636f711.jpg]
[www.sheng-fa.com.tw/templates/cache/5404/images/products/photosmall-5404-137637f711.jpg]
[www.sheng-fa.com.tw/product-detail-183452.html]
[www.sheng-fa.com.tw/templates/cache/5404/images/products/photobig-5404-223479e00a.jpg]
[www.sheng-fa.com.tw/favicon1b35.ico]
[www.sheng-fa.com.tw/templates/cache/5404/images/products/photooriginal-5404-223479c11a.jpg]
[www.sheng-fa.com.tw/templates/cache/5404/images/products/photobig-5404-223479c11a.jpg]
[www.sheng-fa.com.tw/templates/cache/5404/images/products/photosmall-5404-264974c11a.jpg]
[www.sheng-fa.com.tw/templates/cache/5404/images/products/photosmall-5404-137633c11a.jpg]
[www.sheng-fa.com.tw/templates/cache/5404/images/products/photosmall-5404-137634c11a.jpg]
[www.sheng-fa.com.tw/templates/cache/5404/images/products/photosmall-5404-137635c11a.jpg]
[www.sheng-fa.com.tw/templates/cache/5404/images/products/photosmall-5404-137636c11a.jpg]
[www.sheng-fa.com.tw/templates/cache/5404/images/products/photosmall-5404-137637c11a.jpg]
[www.sheng-fa.com.tw/templates/cache/5404/images/products/photosmall-5404-137638c11a.jpg]
[www.sheng-fa.com.tw/product-detail-299889.html]
[www.sheng-fa.com.tw/templates/cache/5404/images/products/photobig-5404-264974357b.jpg]
[www.sheng-fa.com.tw/faviconb0be.ico]
[www.sheng-fa.com.tw/templates/cache/5404/images/products/photooriginal-5404-264974cd2a.jpg]
[www.sheng-fa.com.tw/templates/cache/5404/images/products/photobig-5404-264974cd2a.jpg]
[www.sheng-fa.com.tw/templates/cache/5404/images/products/photosmall-5404-137633cd2a.jpg]
[www.sheng-fa.com.tw/templates/cache/5404/images/products/photosmall-5404-137634cd2a.jpg]
[www.sheng-fa.com.tw/templates/cache/5404/images/products/photosmall-5404-137635cd2a.jpg]
[www.sheng-fa.com.tw/templates/cache/5404/images/products/photosmall-5404-137636cd2a.jpg]
[www.sheng-fa.com.tw/templates/cache/5404/images/products/photosmall-5404-137637cd2a.jpg]
[www.sheng-fa.com.tw/templates/cache/5404/images/products/photosmall-5404-137638cd2a.jpg]
[www.sheng-fa.com.tw/templates/cache/5404/images/products/photosmall-5404-223479cd2a.jpg]
[www.sheng-fa.com.tw/product-detail-358615.html]
[www.sheng-fa.com.tw/templates/cache/5404/images/products/photobig-5404-137601322f.jpg]
[www.sheng-fa.com.tw/faviconf62f.ico]
[www.sheng-fa.com.tw/templates/cache/5404/images/products/photooriginal-5404-137601120e.jpg]
[www.sheng-fa.com.tw/templates/cache/5404/images/products/photobig-5404-137601120e.jpg]
[www.sheng-fa.com.tw/templates/cache/5404/images/products/photosmall-5404-137602120e.jpg]
[www.sheng-fa.com.tw/templates/cache/5404/images/products/photosmall-5404-137603120e.jpg]
[www.sheng-fa.com.tw/product-detail-183412.html]
[www.sheng-fa.com.tw/templates/cache/5404/images/products/photobig-5404-1376029bb8.jpg]
[www.sheng-fa.com.tw/favicon7cb1.ico]
[www.sheng-fa.com.tw/templates/cache/5404/images/products/photooriginal-5404-1376025a78.jpg]
[www.sheng-fa.com.tw/templates/cache/5404/images/products/photobig-5404-1376025a78.jpg]
[www.sheng-fa.com.tw/templates/cache/5404/images/products/photosmall-5404-1376035a78.jpg]
[www.sheng-fa.com.tw/templates/cache/5404/images/products/photosmall-5404-1376015a78.jpg]
[www.sheng-fa.com.tw/product-detail-183413.html]
[www.sheng-fa.com.tw/templates/cache/5404/images/products/photobig-5404-1376034626.jpg]
[www.sheng-fa.com.tw/favicon4c03.ico]
[www.sheng-fa.com.tw/templates/cache/5404/images/products/photooriginal-5404-137603d80e.jpg]
[www.sheng-fa.com.tw/templates/cache/5404/images/products/photobig-5404-137603d80e.jpg]
[www.sheng-fa.com.tw/templates/cache/5404/images/products/photosmall-5404-137601d80e.jpg]
[www.sheng-fa.com.tw/templates/cache/5404/images/products/photosmall-5404-137602d80e.jpg]
[www.sheng-fa.com.tw/product-detail-183414.html]
[www.sheng-fa.com.tw/templates/cache/5404/images/products/photooriginal-5404-137637f029.jpg]
[www.sheng-fa.com.tw/templates/cache/5404/images/products/photooriginal-5404-223479c11a.jpg]
